// Jest Snapshot v1, https://goo.gl/fbAQLP

exports[`<Dropdown /> opens the dropdown and matches snapshot 1`] = `
<div>
  <div
    class="dropdown css-ps5aa-DropdownContainer-DropdownContainer"
  >
    <div
      class="dropdown-button is-active"
    >
      <button
        class="solid css-z4fqld-baseButton-baseButton-solidButton-solidButton-outlineButton-outlineButton-ghostButton-ghostButton-linkButton-linkButton-iconBeforeButton-iconBeforeButton-iconAfterButton-iconAfterButton-btnContainer-btnContainer"
      >
        <span
          class="btn-text"
        >
          Toggle
        </span>
      </button>
    </div>
    <div
      class="dropdown-wrapper bottom-start"
    >
      <ul
        class="dropdown-list css-1a2bu8a-DropdownList-DropdownList"
        role="list"
      >
        <li
          class="css-9lzpa9-DropdownTitle-DropdownTitle"
        >
          <span
            class="css-mproha-textContainer-textContainer"
            data-testid="text-component"
            title="Category 1"
          >
            Category 1
          </span>
        </li>
        <div
          aria-expanded="false"
          role="tooltip"
        >
          <li
            class="1 dropdown-list-item css-kbk7d-DropdownListItem-DropdownListItem"
          >
            <span
              class="css-1by32j1-textContainer-textContainer"
              data-testid="text-component"
              title="Option 1"
            >
              Option 1
            </span>
          </li>
        </div>
        <li
          class="css-4jt7v9-DropdownTitle-DropdownTitle"
        >
          <span
            class="css-mproha-textContainer-textContainer"
            data-testid="text-component"
            title="Category 2"
          >
            Category 2
          </span>
        </li>
        <div
          aria-expanded="false"
          role="tooltip"
        >
          <li
            class="2 dropdown-list-item css-1ihjpef-DropdownListItem-DropdownListItem"
          >
            <span
              class="css-1by32j1-textContainer-textContainer"
              data-testid="text-component"
              title="Option 2"
            >
              Option 2
            </span>
          </li>
        </div>
        <div
          aria-expanded="false"
          role="tooltip"
        >
          <li
            class="3 dropdown-list-item css-1ihjpef-DropdownListItem-DropdownListItem"
          >
            <span
              class="css-1by32j1-textContainer-textContainer"
              data-testid="text-component"
              title="Option 3"
            >
              Option 3
            </span>
          </li>
        </div>
        <li
          class="css-9lzpa9-DropdownTitle-DropdownTitle"
        >
          <span
            class="css-mproha-textContainer-textContainer"
            data-testid="text-component"
            title="Category 15"
          >
            Category 15
          </span>
        </li>
        <div
          aria-expanded="false"
          role="tooltip"
        >
          <li
            class="15 dropdown-list-item css-kbk7d-DropdownListItem-DropdownListItem"
          >
            <span
              class="css-1by32j1-textContainer-textContainer"
              data-testid="text-component"
              title="Option 15"
            >
              Option 15
            </span>
          </li>
        </div>
        <div
          aria-expanded="false"
          role="tooltip"
        >
          <li
            class="16 dropdown-list-item css-kbk7d-DropdownListItem-DropdownListItem"
          >
            <span
              class="css-1by32j1-textContainer-textContainer"
              data-testid="text-component"
              title="Option 16"
            >
              Option 16
            </span>
          </li>
        </div>
        <div
          aria-expanded="false"
          role="tooltip"
        >
          <li
            class="5 dropdown-list-item css-el37et-DropdownListItem-DropdownListItem"
          >
            <span
              class="css-1by32j1-textContainer-textContainer"
              data-testid="text-component"
              title="Option 5"
            >
              Option 5
            </span>
          </li>
        </div>
      </ul>
    </div>
  </div>
</div>
`;
