// Jest Snapshot v1, https://goo.gl/fbAQLP

exports[`<Button /> matches snapshot 1`] = `
<div>
  <button
    class="solid css-18yafla-baseButton-baseButton-solidButton-solidButton-outlineButton-outlineButton-ghostButton-ghostButton-linkButton-linkButton-btnContainer-btnContainer"
  >
    <span
      class="btn-text"
    >
      Test button
    </span>
  </button>
</div>
`;
