// Jest Snapshot v1, https://goo.gl/fbAQLP

exports[`<Input /> matches snapshot 1`] = `
<div>
  <div
    class="css-n9rd9a-fileInputContainer-fileInputContainer"
  >
    <label
      for="test-input"
    >
      <label
        class="css-xs6o3g-label-label"
        id="test-input-test-file-input"
      >
        test label
      </label>
      <div
        class="drop-area"
      >
        <input
          aria-describedby="test-input-test-file-input"
          id="test-input"
          name="test-file-input"
          type="file"
        />
      </div>
    </label>
  </div>
</div>
`;
