// Jest Snapshot v1, https://goo.gl/fbAQLP

exports[`<Table> matches snapshot 1`] = `
<div>
  <div
    class="css-iej7o-tableContainer-tableContainer"
    data-testid="table-1-table"
    id="table-1"
  >
    <table>
      <thead>
        <tr
          class=""
        >
          <th
            class="header-cell header1 "
            data-testid="header1-column"
            style="width: auto;"
          >
            <span>
              Header1
            </span>
          </th>
          <th
            class="header-cell header2 "
            data-testid="header2-column"
            style="width: auto;"
          >
            <span>
              Header2
            </span>
          </th>
          <th
            class="header-cell header3 "
            data-testid="header3-column"
            style="width: auto;"
          >
            <span>
              Header3
            </span>
          </th>
          <th
            class="header-cell header4 "
            data-testid="header4-column"
            style="width: auto;"
          >
            <span>
              Header4
            </span>
          </th>
          <th
            class="header-cell header5 "
            data-testid="header5-column"
            style="width: auto;"
          >
            <span>
              Header5
            </span>
          </th>
        </tr>
      </thead>
      <tbody>
        <tr
          class=""
        >
          <td
            style="max-width: auto;"
          />
          <td
            style="max-width: auto;"
          />
          <td
            style="max-width: auto;"
          />
          <td
            style="max-width: auto;"
          />
          <td
            style="max-width: auto;"
          />
        </tr>
        <tr
          class=""
        >
          <td
            style="max-width: auto;"
          />
          <td
            style="max-width: auto;"
          />
          <td
            style="max-width: auto;"
          />
          <td
            style="max-width: auto;"
          />
          <td
            style="max-width: auto;"
          />
        </tr>
        <tr
          class=""
        >
          <td
            style="max-width: auto;"
          />
          <td
            style="max-width: auto;"
          />
          <td
            style="max-width: auto;"
          />
          <td
            style="max-width: auto;"
          />
          <td
            style="max-width: auto;"
          />
        </tr>
        <tr
          class=""
        >
          <td
            style="max-width: auto;"
          />
          <td
            style="max-width: auto;"
          />
          <td
            style="max-width: auto;"
          />
          <td
            style="max-width: auto;"
          />
          <td
            style="max-width: auto;"
          />
        </tr>
      </tbody>
    </table>
  </div>
</div>
`;
