// Jest Snapshot v1, https://goo.gl/fbAQLP

exports[`<Table> matches snapshot 1`] = `
<div>
  <div
    class="css-qc60xe-tableContainer-tableContainer"
    data-testid="table"
  >
    <table>
      <thead>
        <tr>
          <th
            class="header-cell header1 false"
            style="width: auto;"
          >
            <div
              aria-expanded="false"
            >
              <span
                style="width: auto;"
              >
                <span>
                  Header1
                </span>
              </span>
            </div>
          </th>
          <th
            class="header-cell header2 false"
            style="width: auto;"
          >
            <div
              aria-expanded="false"
            >
              <span
                style="width: auto;"
              >
                <span>
                  Header2
                </span>
              </span>
            </div>
          </th>
          <th
            class="header-cell header3 false"
            style="width: auto;"
          >
            <div
              aria-expanded="false"
            >
              <span
                style="width: auto;"
              >
                <span>
                  Header3
                </span>
              </span>
            </div>
          </th>
          <th
            class="header-cell header4 false"
            style="width: auto;"
          >
            <div
              aria-expanded="false"
            >
              <span
                style="width: auto;"
              >
                <span>
                  Header4
                </span>
              </span>
            </div>
          </th>
          <th
            class="header-cell header5 false"
            style="width: auto;"
          >
            <div
              aria-expanded="false"
            >
              <span
                style="width: auto;"
              >
                <span>
                  Header5
                </span>
              </span>
            </div>
          </th>
        </tr>
      </thead>
      <tbody>
        <tr
          class=""
        >
          <td
            style="max-width: auto;"
          >
            <div
              aria-expanded="false"
            >
              <span
                style="max-width: auto;"
              />
            </div>
          </td>
          <td
            style="max-width: auto;"
          >
            <div
              aria-expanded="false"
            >
              <span
                style="max-width: auto;"
              />
            </div>
          </td>
          <td
            style="max-width: auto;"
          >
            <div
              aria-expanded="false"
            >
              <span
                style="max-width: auto;"
              />
            </div>
          </td>
          <td
            style="max-width: auto;"
          >
            <div
              aria-expanded="false"
            >
              <span
                style="max-width: auto;"
              />
            </div>
          </td>
          <td
            style="max-width: auto;"
          >
            <div
              aria-expanded="false"
            >
              <span
                style="max-width: auto;"
              />
            </div>
          </td>
        </tr>
        <tr
          class=""
        >
          <td
            style="max-width: auto;"
          >
            <div
              aria-expanded="false"
            >
              <span
                style="max-width: auto;"
              />
            </div>
          </td>
          <td
            style="max-width: auto;"
          >
            <div
              aria-expanded="false"
            >
              <span
                style="max-width: auto;"
              />
            </div>
          </td>
          <td
            style="max-width: auto;"
          >
            <div
              aria-expanded="false"
            >
              <span
                style="max-width: auto;"
              />
            </div>
          </td>
          <td
            style="max-width: auto;"
          >
            <div
              aria-expanded="false"
            >
              <span
                style="max-width: auto;"
              />
            </div>
          </td>
          <td
            style="max-width: auto;"
          >
            <div
              aria-expanded="false"
            >
              <span
                style="max-width: auto;"
              />
            </div>
          </td>
        </tr>
        <tr
          class=""
        >
          <td
            style="max-width: auto;"
          >
            <div
              aria-expanded="false"
            >
              <span
                style="max-width: auto;"
              />
            </div>
          </td>
          <td
            style="max-width: auto;"
          >
            <div
              aria-expanded="false"
            >
              <span
                style="max-width: auto;"
              />
            </div>
          </td>
          <td
            style="max-width: auto;"
          >
            <div
              aria-expanded="false"
            >
              <span
                style="max-width: auto;"
              />
            </div>
          </td>
          <td
            style="max-width: auto;"
          >
            <div
              aria-expanded="false"
            >
              <span
                style="max-width: auto;"
              />
            </div>
          </td>
          <td
            style="max-width: auto;"
          >
            <div
              aria-expanded="false"
            >
              <span
                style="max-width: auto;"
              />
            </div>
          </td>
        </tr>
        <tr
          class=""
        >
          <td
            style="max-width: auto;"
          >
            <div
              aria-expanded="false"
            >
              <span
                style="max-width: auto;"
              />
            </div>
          </td>
          <td
            style="max-width: auto;"
          >
            <div
              aria-expanded="false"
            >
              <span
                style="max-width: auto;"
              />
            </div>
          </td>
          <td
            style="max-width: auto;"
          >
            <div
              aria-expanded="false"
            >
              <span
                style="max-width: auto;"
              />
            </div>
          </td>
          <td
            style="max-width: auto;"
          >
            <div
              aria-expanded="false"
            >
              <span
                style="max-width: auto;"
              />
            </div>
          </td>
          <td
            style="max-width: auto;"
          >
            <div
              aria-expanded="false"
            >
              <span
                style="max-width: auto;"
              />
            </div>
          </td>
        </tr>
      </tbody>
    </table>
  </div>
</div>
`;
