// Jest Snapshot v1, https://goo.gl/fbAQLP

exports[`<Breadcrumb> and <Breadcrumb.Item> matches snapshot 1`] = `
<nav
  aria-label="breadcrumbs"
  class="css-n4ez4j-container-container"
>
  <ol>
    <li
      class=""
    >
      <a
        href="#/home"
      >
        Home
      </a>
    </li>
    <li
      class=""
    >
      <a
        href="#/my-courses"
      >
        My courses
      </a>
    </li>
    <li
      class="current"
    >
       My super course
    </li>
  </ol>
</nav>
`;
