// Jest Snapshot v1, https://goo.gl/fbAQLP

exports[`Forms: <Error /> matches snapshot 1`] = `
<div>
  <article
    class="css-gbf80r-errorContainer-errorContainer"
  >
    <p>
      Something went wrong!
    </p>
  </article>
</div>
`;

exports[`Forms: <Error.InputError /> matches snapshot 1`] = `
<div>
  <div
    style="max-width: 500px;"
  >
    <div
      class="error css-38lqwp-inputContainerBaseStyles-inputContainerBaseStyles-inputBaseStyles-inputBaseStyles-inputContainer-inputContainer"
    >
      <label
        class="css-xs6o3g-label-label"
        for="inline-error-example"
      >
        Attention
      </label>
      <div
        class="input-wrapper"
      >
        <input
          id="inline-error-example"
          placeholder="Pay attention to the error below"
        />
      </div>
    </div>
    <span
      class="css-1b2rqxw-inputError-inputError"
    >
      Some error
    </span>
  </div>
</div>
`;
