// Jest Snapshot v1, https://goo.gl/fbAQLP

exports[`<Input /> matches snapshot 1`] = `
<div>
  <div
    class="container-classname css-yx1tpx-inputContainerBaseStyles-inputContainerBaseStyles-inputBaseStyles-inputBaseStyles-inputContainer-inputContainer"
    id="container-id"
  >
    <div
      class="label-container"
    >
      <label
        class="css-1ffysa4-label-label"
        for="my-input-id"
      >
        Test label
      </label>
    </div>
    <div
      class="input-wrapper"
    >
      <input
        class="input"
        id="my-input-id"
        name="test-input"
        value=""
      />
      <div
        class="vertical-line"
      />
      <span
        class="suffix-icon"
        data-testid="input-icon-after"
      >
        <svg-file-stub
          height="32"
        />
      </span>
    </div>
  </div>
</div>
`;
