// Jest Snapshot v1, https://goo.gl/fbAQLP

exports[`<Chip /> matches snapshot 1`] = `
<div>
  <div
    class="my-class css-144yrw7-chip-chip"
  >
    <button
      aria-label="Remove This is a chip"
      style="color: white;"
    >
      <svg-file-stub
        height="16"
      />
    </button>
    This is a chip
  </div>
</div>
`;
