// Jest Snapshot v1, https://goo.gl/fbAQLP

exports[`<Chip /> matches snapshot 1`] = `
<div>
  <div
    class="my-class css-vrmhsq-chip-chip"
    id="my-id"
    style="background-color: purple; color: white;"
  >
    <button
      aria-label="Remove This is a chip"
      style="color: white;"
    >
      <span
        class="close-icon"
      >
        <svg-file-stub
          height="16"
        />
      </span>
    </button>
    <div
      aria-expanded="false"
    >
      <div
        class="has-overflow"
      >
        This is a chip
      </div>
    </div>
  </div>
</div>
`;
