// Jest Snapshot v1, https://goo.gl/fbAQLP

exports[`<DateInput /> matches snapshot 1`] = `
<div>
  <div
    class=" css-ow2xce-inputContainerBaseStyles-inputContainerBaseStyles-inputBaseStyles-inputBaseStyles-dateInput-dateInput"
  >
    <label
      class="css-xs6o3g-label-label"
      for="test-date-input"
    >
      Some date
    </label>
    <div
      class="react-datepicker-wrapper"
    >
      <div
        class="react-datepicker__input-container"
      >
        <div
          class="valid with-suffix-icon css-76gtfa-inputContainerBaseStyles-inputContainerBaseStyles-inputBaseStyles-inputBaseStyles-inputContainer-inputContainer"
        >
          <div
            class="input-wrapper"
          >
            <input
              aria-describedby=""
              id="test-date-input"
              value="08/19/2021"
            />
            <span
              class="suffix-icon"
              data-testid="input-icon-after"
            >
              <svg-file-stub
                height="32"
              />
            </span>
          </div>
        </div>
      </div>
    </div>
  </div>
</div>
`;
