// Jest Snapshot v1, https://goo.gl/fbAQLP

exports[`<Select /> matches snapshot 1`] = `
<div>
  <div
    class="css-krq6jl-selectContainer-selectContainer"
  >
    <label
      aria-labelledby="select-id"
      class="css-xs6o3g-label-label"
      for="select-id"
    >
      Test select input
    </label>
    <div
      class="select-input-wrapper"
      data-testid="custom-react-select"
    >
      <div
        class=" css-b62m3t-container"
      >
        <span
          class="css-1f43avz-a11yText-A11yText"
          id="react-select-3-live-region"
        />
        <span
          aria-atomic="false"
          aria-live="polite"
          aria-relevant="additions text"
          class="css-1f43avz-a11yText-A11yText"
        >
          <span
            id="aria-selection"
          />
          <span
            id="aria-context"
          >
            option name focused, 1 of 3. 3 results available. Use Up and Down to choose options, press Enter to select the currently focused option, press Escape to exit the menu, press Tab to select the option and exit the menu.
          </span>
        </span>
        <div
          class="control-md valid css-1ox8182-control"
        >
          <div
            class=" css-1fdsijx-ValueContainer"
          >
            <div
              class=" css-zg71bx-placeholder"
              id="react-select-3-placeholder"
            >
              Select...
            </div>
            <input
              aria-autocomplete="list"
              aria-controls="react-select-3-listbox"
              aria-describedby="react-select-3-placeholder"
              aria-expanded="true"
              aria-haspopup="true"
              aria-owns="react-select-3-listbox"
              aria-readonly="true"
              class="css-mohuvp-dummyInput-DummyInput"
              id="react-select-3-input"
              inputmode="none"
              role="combobox"
              tabindex="0"
              value=""
            />
          </div>
          <div
            class=" css-94iizy-IndicatorsContainer"
          >
            <div
              aria-hidden="true"
              class=" css-15wc35w-indicatorContainer"
            >
              <svg
                aria-hidden="true"
                class="css-tj5bde-Svg"
                focusable="false"
                height="20"
                viewBox="0 0 20 20"
                width="20"
              >
                <path
                  d="M4.516 7.548c0.436-0.446 1.043-0.481 1.576 0l3.908 3.747 3.908-3.747c0.533-0.481 1.141-0.446 1.574 0 0.436 0.445 0.408 1.197 0 1.615-0.406 0.418-4.695 4.502-4.695 4.502-0.217 0.223-0.502 0.335-0.787 0.335s-0.57-0.112-0.789-0.335c0 0-4.287-4.084-4.695-4.502s-0.436-1.17 0-1.615z"
                />
              </svg>
            </div>
          </div>
        </div>
        <div
          class=" css-5v3ri6-menu"
          id="react-select-3-listbox"
        >
          <div
            class="css-1w7wtdk-customMenuList-customMenuList"
          >
            <div
              class=" css-17690ek-MenuList"
            >
              <div
                aria-disabled="false"
                class="option-md css-1dcn42d-option"
                id="react-select-3-option-0"
                tabindex="-1"
              >
                name
              </div>
              <div
                aria-disabled="false"
                class="option-md css-1rtowec-option"
                id="react-select-3-option-1"
                tabindex="-1"
              >
                surname
              </div>
              <div
                aria-disabled="false"
                class="option-md css-1rtowec-option"
                id="react-select-3-option-2"
                tabindex="-1"
              >
                age
              </div>
            </div>
          </div>
        </div>
      </div>
    </div>
  </div>
</div>
`;
