// Jest Snapshot v1, https://goo.gl/fbAQLP

exports[`<Select /> matches snapshot 1`] = `
<div>
  <div
    class="valid container-class css-n8tftf-inputContainerBaseStyles-inputContainerBaseStyles-inputBaseStyles-inputBaseStyles-selectContainer-selectContainer"
    id="container-id"
  >
    <label
      aria-labelledby="select-id"
      class="css-xs6o3g-label-label"
      for="select-id"
    >
      Test select input
    </label>
    <div
      class="select-input-wrapper"
    >
      <select
        class="normal-select"
        id="select-id"
      >
        <option
          value="rs"
        >
          Rust
        </option>
        <option
          value="js"
        >
          JavaScript
        </option>
        <option
          value="ts"
        >
          TypeScript
        </option>
      </select>
      <span
        class="carret-wrapper"
      >
        <svg-file-stub
          height="24"
        />
      </span>
    </div>
  </div>
</div>
`;
