// Jest Snapshot v1, https://goo.gl/fbAQLP

exports[`<Pagination /> matches snapshot with on page 1`] = `
<div>
  <div
    class="css-1ajukrd-container-container"
    id="my-id"
  >
    <div
      class="pagination-selector-wrapper"
      data-testid="pagination-per-page-btn"
    >
      <div
        class="css-1ya489g-PaginationSelectorStyles-PaginationSelectorStyles"
      >
        <button
          aria-label="20 results per page"
          class="dropdown-button "
          title="20"
        >
          <span
            class="css-fxdiie-textContainer-textContainer"
            data-testid="text-component"
          >
            20
          </span>
          <svg-file-stub />
        </button>
      </div>
      <span>
        Per page
      </span>
    </div>
    <div
      class="pagination"
    >
      <button
        aria-label="Go to first page"
        class="pagination-btn ghost css-12fk84i-baseButton-baseButton-solidButton-solidButton-outlineButton-outlineButton-ghostButton-ghostButton-linkButton-linkButton-iconBeforeButton-iconBeforeButton-iconAfterButton-iconAfterButton-btnContainer-btnContainer"
        data-testid="first-page-btn"
        title="First page"
      >
        <span
          class="btn-text"
        >
          <svg-file-stub />
        </span>
      </button>
      <button
        aria-label="Go to the previous page"
        class="pagination-btn ghost css-12fk84i-baseButton-baseButton-solidButton-solidButton-outlineButton-outlineButton-ghostButton-ghostButton-linkButton-linkButton-iconBeforeButton-iconBeforeButton-iconAfterButton-iconAfterButton-btnContainer-btnContainer"
        data-testid="previous-page-btn"
        name="Previous page"
        title="Previous page"
      >
        <span
          class="btn-text"
        >
          <svg-file-stub />
        </span>
      </button>
      <div
        class="pagination-selector-wrapper"
        data-testid="pagination-page-selector-btn"
      >
        <div
          class="css-1ya489g-PaginationSelectorStyles-PaginationSelectorStyles"
        >
          <button
            aria-label="Page 1 of 6 pages"
            class="dropdown-button "
            title="3"
          >
            <span
              class="css-fxdiie-textContainer-textContainer"
              data-testid="text-component"
            >
              3
            </span>
            <svg-file-stub />
          </button>
        </div>
        <span>
          of
           
          6
        </span>
      </div>
      <button
        aria-label="Go to the next page"
        class="pagination-btn ghost css-12fk84i-baseButton-baseButton-solidButton-solidButton-outlineButton-outlineButton-ghostButton-ghostButton-linkButton-linkButton-iconBeforeButton-iconBeforeButton-iconAfterButton-iconAfterButton-btnContainer-btnContainer"
        data-testid="next-page-btn"
        name="Next page"
        title="Next page"
      >
        <span
          class="btn-text"
        >
          <svg-file-stub />
        </span>
      </button>
      <button
        aria-label="Go to the last page"
        class="pagination-btn ghost css-12fk84i-baseButton-baseButton-solidButton-solidButton-outlineButton-outlineButton-ghostButton-ghostButton-linkButton-linkButton-iconBeforeButton-iconBeforeButton-iconAfterButton-iconAfterButton-btnContainer-btnContainer"
        data-testid="last-page-btn"
        name="Last page"
        title="Last page"
      >
        <span
          class="btn-text"
        >
          <svg-file-stub />
        </span>
      </button>
    </div>
  </div>
</div>
`;
