// Jest Snapshot v1, https://goo.gl/fbAQLP

exports[`<ToggleSwitch /> Matches snapshot 1`] = `
<div>
  <div
    class="css-e5x2hd-ToggleContainer-ToggleContainer"
    data-checked="false"
    data-testid="my-toggle"
  >
    <div
      class="main-switch-container"
    >
      <div
        class="inner-switch-container"
      >
        <div
          class="switch "
        >
          <div
            class="thumb "
          />
        </div>
      </div>
    </div>
    
  </div>
</div>
`;
