// Jest Snapshot v1, https://goo.gl/fbAQLP

exports[`<ToggleSwitch /> Matches snapshot 1`] = `
<div>
  <div
    class="css-m7865s-ToggleContainer-ToggleContainer"
    data-checked="false"
    data-testid="my-toggle"
    id="my-toggle"
    tabindex="0"
  >
    <div
      class="switch-container"
    >
      <div
        class="switch-container"
      >
        <div
          aria-checked="false"
          aria-labelledby="text-id"
          class="switch"
          data-checked="false"
          data-testid="switch"
          role="switch"
        >
          <div
            class="thumb"
          />
        </div>
      </div>
    </div>
  </div>
</div>
`;
