// Jest Snapshot v1, https://goo.gl/fbAQLP

exports[`<Sidebar/> matches snapshot 1`] = `
<div>
  <nav
    class="my-class css-ukfle2-mainNavContainer-mainNavContainer"
    id="my-id"
    style="min-width: 16rem;"
  >
    <div
      class="nav-items-wrapper"
    >
      <button
        class="nav-handle css-1vueq8q-navHandleContainer-navHandleContainer"
      >
        <div
          class="nav-item css-xi58yv-navItemContainer-navItemContainer"
        >
          <div
            class="title-icon-container"
          >
            <div
              class="icon-container"
            >
              <svg-file-stub
                height="32"
              />
            </div>
            <div
              class="title"
              style="display: none; opacity: 0; transform: translateX(-10px) translateZ(0);"
            >
              Menu
            </div>
          </div>
        </div>
      </button>
      <div
        style="display: flex; flex-direction: column; justify-content: space-between; flex: 1;"
      >
        <ul
          style="list-style: none; padding: 0px; margin: 0px;"
        >
          <li>
            <a
              href="www.google.com"
              style="display: block;"
            >
              <div
                class="nav-item css-xi58yv-navItemContainer-navItemContainer"
              >
                <div
                  class="title-icon-container"
                >
                  <div
                    class="icon-container"
                  >
                    <svg-file-stub
                      height="32"
                    />
                  </div>
                  <div
                    class="title"
                    style="display: none; opacity: 0; transform: translateX(-10px) translateZ(0);"
                  >
                    Home
                  </div>
                </div>
              </div>
            </a>
          </li>
          <li>
            <a
              href="www.google.com"
              style="display: block;"
            >
              <div
                class="nav-item css-xi58yv-navItemContainer-navItemContainer"
              >
                <div
                  class="title-icon-container"
                >
                  <div
                    class="icon-container"
                  >
                    <svg-file-stub
                      height="32"
                    />
                  </div>
                  <div
                    class="title"
                    style="display: none; opacity: 0; transform: translateX(-10px) translateZ(0);"
                  >
                    My courses
                  </div>
                </div>
              </div>
            </a>
          </li>
          <li>
            <a
              href="www.google.com"
              style="display: block;"
            >
              <div
                class="nav-item css-xi58yv-navItemContainer-navItemContainer"
              >
                <div
                  class="title-icon-container"
                >
                  <div
                    class="icon-container"
                  >
                    <svg-file-stub
                      height="32"
                    />
                  </div>
                  <div
                    class="title"
                    style="display: none; opacity: 0; transform: translateX(-10px) translateZ(0);"
                  >
                    Catalog
                  </div>
                </div>
              </div>
            </a>
          </li>
          <li>
            <a
              href="www.google.com"
              style="display: block;"
            >
              <div
                class="nav-item css-xi58yv-navItemContainer-navItemContainer"
              >
                <div
                  class="title-icon-container"
                >
                  <div
                    class="icon-container"
                  >
                    <svg-file-stub
                      height="32"
                    />
                  </div>
                  <div
                    class="title"
                    style="display: none; opacity: 0; transform: translateX(-10px) translateZ(0);"
                  >
                    Calendar
                  </div>
                </div>
              </div>
            </a>
          </li>
        </ul>
        <ul
          style="list-style: none; padding: 0px; margin: 0px;"
        >
          <li>
            <a
              href="www.google.com"
              style="display: block;"
            >
              <div
                class="nav-item css-xi58yv-navItemContainer-navItemContainer"
              >
                <div
                  class="title-icon-container"
                >
                  <div
                    class="icon-container"
                  >
                    <svg-file-stub
                      height="32"
                    />
                  </div>
                  <div
                    class="title"
                    style="display: none; opacity: 0; transform: translateX(-10px) translateZ(0);"
                  >
                    Messages
                  </div>
                </div>
              </div>
            </a>
          </li>
          <li>
            <a
              href="www.google.com"
              style="display: block;"
            >
              <div
                class="nav-item css-xi58yv-navItemContainer-navItemContainer"
              >
                <div
                  class="title-icon-container"
                >
                  <div
                    class="icon-container"
                  >
                    <svg-file-stub
                      height="32"
                    />
                  </div>
                  <div
                    class="title"
                    style="display: none; opacity: 0; transform: translateX(-10px) translateZ(0);"
                  >
                    Discussions
                  </div>
                </div>
              </div>
            </a>
          </li>
          <li>
            <a
              href="www.google.com"
              style="display: block;"
            >
              <div
                class="nav-item css-xi58yv-navItemContainer-navItemContainer"
              >
                <div
                  class="title-icon-container"
                >
                  <div
                    class="icon-container"
                  >
                    <svg-file-stub
                      height="32"
                    />
                  </div>
                  <div
                    class="title"
                    style="display: none; opacity: 0; transform: translateX(-10px) translateZ(0);"
                  >
                    Show tour
                  </div>
                </div>
              </div>
            </a>
          </li>
          <li>
            <a
              href="www.google.com"
              style="display: block;"
            >
              <div
                class="nav-item css-xi58yv-navItemContainer-navItemContainer"
              >
                <div
                  class="title-icon-container"
                >
                  <div
                    class="icon-container"
                  >
                    <svg-file-stub
                      height="32"
                    />
                  </div>
                  <div
                    class="title"
                    style="display: none; opacity: 0; transform: translateX(-10px) translateZ(0);"
                  >
                    Help Center
                  </div>
                </div>
                <div
                  class="icon-after-container"
                >
                  <svg-file-stub
                    height="32"
                  />
                </div>
              </div>
            </a>
          </li>
          <li>
            <a
              href="www.google.com"
              style="display: block;"
            >
              <div
                class="nav-item css-xi58yv-navItemContainer-navItemContainer"
              >
                <div
                  class="title-icon-container"
                >
                  <div
                    class="icon-container"
                  >
                    <figure
                      class="css-1al2x53-avatar-avatar"
                    >
                      <span
                        data-testid="avatar-children-container"
                      >
                        DS
                      </span>
                    </figure>
                  </div>
                  <div
                    class="title"
                    style="display: none; opacity: 0; transform: translateX(-10px) translateZ(0);"
                  >
                    My profile
                  </div>
                </div>
              </div>
            </a>
          </li>
        </ul>
      </div>
    </div>
  </nav>
</div>
`;
